// Jest Snapshot v1, https://goo.gl/fbAQLP

exports[`should render our PhraseDisplay component 1`] = `
<div>
  <div>
    <div>
      <p>
        yay
      </p>
      <p>
        test
      </p>
      <p>
        pow
      </p>
    </div>
  </div>
</div>
`;
